Archive member included because of file (symbol)

d:/nti/avr/tools/sdk_win_64/sdk_win_64/winavr/bin/../lib/gcc/avr/4.3.3/avr5\libgcc.a(_exit.o)
                              d:/nti/avr/tools/sdk_win_64/sdk_win_64/winavr/bin/../lib/gcc/avr/4.3.3/../../../../avr/lib/avr5/crtm32.o (exit)
d:/nti/avr/tools/sdk_win_64/sdk_win_64/winavr/bin/../lib/gcc/avr/4.3.3/avr5\libgcc.a(_copy_data.o)
                              ./APP/WEEK2/TASK2/main.o (__do_copy_data)

Memory Configuration

Name             Origin             Length             Attributes
text             0x00000000         0x00020000         xr
data             0x00800060         0x0000ffa0         rw !x
eeprom           0x00810000         0x00010000         rw !x
fuse             0x00820000         0x00000400         rw !x
lock             0x00830000         0x00000400         rw !x
signature        0x00840000         0x00000400         rw !x
*default*        0x00000000         0xffffffff

Linker script and memory map

LOAD d:/nti/avr/tools/sdk_win_64/sdk_win_64/winavr/bin/../lib/gcc/avr/4.3.3/../../../../avr/lib/avr5/crtm32.o
LOAD ./MCAL/DIO/DIO_program.o
LOAD ./APP/WEEK2/TASK2/main.o
LOAD ./APP/WEEK2/TASK1/main.o
LOAD ./APP/WEEK1/snake/main.o
LOAD ./APP/WEEK1/led/main.o
LOAD d:/nti/avr/tools/sdk_win_64/sdk_win_64/winavr/bin/../lib/gcc/avr/4.3.3/avr5\libgcc.a
LOAD d:/nti/avr/tools/sdk_win_64/sdk_win_64/winavr/bin/../lib/gcc/avr/4.3.3/../../../../avr/lib/avr5\libc.a
LOAD d:/nti/avr/tools/sdk_win_64/sdk_win_64/winavr/bin/../lib/gcc/avr/4.3.3/avr5\libgcc.a

.hash
 *(.hash)

.dynsym
 *(.dynsym)

.dynstr
 *(.dynstr)

.gnu.version
 *(.gnu.version)

.gnu.version_d
 *(.gnu.version_d)

.gnu.version_r
 *(.gnu.version_r)

.rel.init
 *(.rel.init)

.rela.init
 *(.rela.init)

.rel.text
 *(.rel.text)
 *(.rel.text.*)
 *(.rel.gnu.linkonce.t*)

.rela.text
 *(.rela.text)
 *(.rela.text.*)
 *(.rela.gnu.linkonce.t*)

.rel.fini
 *(.rel.fini)

.rela.fini
 *(.rela.fini)

.rel.rodata
 *(.rel.rodata)
 *(.rel.rodata.*)
 *(.rel.gnu.linkonce.r*)

.rela.rodata
 *(.rela.rodata)
 *(.rela.rodata.*)
 *(.rela.gnu.linkonce.r*)

.rel.data
 *(.rel.data)
 *(.rel.data.*)
 *(.rel.gnu.linkonce.d*)

.rela.data
 *(.rela.data)
 *(.rela.data.*)
 *(.rela.gnu.linkonce.d*)

.rel.ctors
 *(.rel.ctors)

.rela.ctors
 *(.rela.ctors)

.rel.dtors
 *(.rel.dtors)

.rela.dtors
 *(.rela.dtors)

.rel.got
 *(.rel.got)

.rela.got
 *(.rela.got)

.rel.bss
 *(.rel.bss)

.rela.bss
 *(.rela.bss)

.rel.plt
 *(.rel.plt)

.rela.plt
 *(.rela.plt)

.text           0x00000000      0x842
 *(.vectors)
 .vectors       0x00000000       0x54 d:/nti/avr/tools/sdk_win_64/sdk_win_64/winavr/bin/../lib/gcc/avr/4.3.3/../../../../avr/lib/avr5/crtm32.o
                0x00000000                __vectors
                0x00000000                __vector_default
 *(.vectors)
 *(.progmem.gcc*)
 *(.progmem*)
                0x00000054                . = ALIGN (0x2)
                0x00000054                __trampolines_start = .
 *(.trampolines)
 .trampolines   0x00000054        0x0 linker stubs
 *(.trampolines*)
                0x00000054                __trampolines_end = .
 *(.jumptables)
 *(.jumptables*)
 *(.lowtext)
 *(.lowtext*)
                0x00000054                __ctors_start = .
 *(.ctors)
                0x00000054                __ctors_end = .
                0x00000054                __dtors_start = .
 *(.dtors)
                0x00000054                __dtors_end = .
 SORT(*)(.ctors)
 SORT(*)(.dtors)
 *(.init0)
 .init0         0x00000054        0x0 d:/nti/avr/tools/sdk_win_64/sdk_win_64/winavr/bin/../lib/gcc/avr/4.3.3/../../../../avr/lib/avr5/crtm32.o
                0x00000054                __init
 *(.init0)
 *(.init1)
 *(.init1)
 *(.init2)
 .init2         0x00000054        0xc d:/nti/avr/tools/sdk_win_64/sdk_win_64/winavr/bin/../lib/gcc/avr/4.3.3/../../../../avr/lib/avr5/crtm32.o
 *(.init2)
 *(.init3)
 *(.init3)
 *(.init4)
 .init4         0x00000060       0x16 d:/nti/avr/tools/sdk_win_64/sdk_win_64/winavr/bin/../lib/gcc/avr/4.3.3/avr5\libgcc.a(_copy_data.o)
                0x00000060                __do_copy_data
 *(.init4)
 *(.init5)
 *(.init5)
 *(.init6)
 *(.init6)
 *(.init7)
 *(.init7)
 *(.init8)
 *(.init8)
 *(.init9)
 .init9         0x00000076        0x8 d:/nti/avr/tools/sdk_win_64/sdk_win_64/winavr/bin/../lib/gcc/avr/4.3.3/../../../../avr/lib/avr5/crtm32.o
 *(.init9)
 *(.text)
 .text          0x0000007e        0x4 d:/nti/avr/tools/sdk_win_64/sdk_win_64/winavr/bin/../lib/gcc/avr/4.3.3/../../../../avr/lib/avr5/crtm32.o
                0x0000007e                __vector_1
                0x0000007e                __vector_12
                0x0000007e                __bad_interrupt
                0x0000007e                __vector_6
                0x0000007e                __vector_3
                0x0000007e                __vector_11
                0x0000007e                __vector_13
                0x0000007e                __vector_17
                0x0000007e                __vector_19
                0x0000007e                __vector_7
                0x0000007e                __vector_5
                0x0000007e                __vector_4
                0x0000007e                __vector_9
                0x0000007e                __vector_2
                0x0000007e                __vector_15
                0x0000007e                __vector_8
                0x0000007e                __vector_14
                0x0000007e                __vector_10
                0x0000007e                __vector_16
                0x0000007e                __vector_18
                0x0000007e                __vector_20
 .text          0x00000082        0x0 ./MCAL/DIO/DIO_program.o
 .text          0x00000082        0x0 ./APP/WEEK2/TASK2/main.o
 .text          0x00000082        0x0 ./APP/WEEK2/TASK1/main.o
 .text          0x00000082        0x0 ./APP/WEEK1/snake/main.o
 .text          0x00000082        0x0 ./APP/WEEK1/led/main.o
 .text          0x00000082        0x0 d:/nti/avr/tools/sdk_win_64/sdk_win_64/winavr/bin/../lib/gcc/avr/4.3.3/avr5\libgcc.a(_exit.o)
 .text          0x00000082        0x0 d:/nti/avr/tools/sdk_win_64/sdk_win_64/winavr/bin/../lib/gcc/avr/4.3.3/avr5\libgcc.a(_copy_data.o)
                0x00000082                . = ALIGN (0x2)
 *(.text.*)
 .text.DIO_SetPinDirection
                0x00000082      0x224 ./MCAL/DIO/DIO_program.o
                0x00000082                DIO_SetPinDirection
 .text.DIO_SetPortDirection
                0x000002a6       0x90 ./MCAL/DIO/DIO_program.o
                0x000002a6                DIO_SetPortDirection
 .text.DIO_SetPinValue
                0x00000336      0x224 ./MCAL/DIO/DIO_program.o
                0x00000336                DIO_SetPinValue
 .text.DIO_SetPortValue
                0x0000055a       0x90 ./MCAL/DIO/DIO_program.o
                0x0000055a                DIO_SetPortValue
 .text.DIO_GetPinValue
                0x000005ea      0x130 ./MCAL/DIO/DIO_program.o
                0x000005ea                DIO_GetPinValue
 .text.main     0x0000071a      0x124 ./APP/WEEK2/TASK2/main.o
                0x0000071a                main
 .text.libgcc   0x0000083e        0x0 d:/nti/avr/tools/sdk_win_64/sdk_win_64/winavr/bin/../lib/gcc/avr/4.3.3/avr5\libgcc.a(_exit.o)
 .text.libgcc   0x0000083e        0x0 d:/nti/avr/tools/sdk_win_64/sdk_win_64/winavr/bin/../lib/gcc/avr/4.3.3/avr5\libgcc.a(_copy_data.o)
                0x0000083e                . = ALIGN (0x2)
 *(.fini9)
 .fini9         0x0000083e        0x0 d:/nti/avr/tools/sdk_win_64/sdk_win_64/winavr/bin/../lib/gcc/avr/4.3.3/avr5\libgcc.a(_exit.o)
                0x0000083e                exit
                0x0000083e                _exit
 *(.fini9)
 *(.fini8)
 *(.fini8)
 *(.fini7)
 *(.fini7)
 *(.fini6)
 *(.fini6)
 *(.fini5)
 *(.fini5)
 *(.fini4)
 *(.fini4)
 *(.fini3)
 *(.fini3)
 *(.fini2)
 *(.fini2)
 *(.fini1)
 *(.fini1)
 *(.fini0)
 .fini0         0x0000083e        0x4 d:/nti/avr/tools/sdk_win_64/sdk_win_64/winavr/bin/../lib/gcc/avr/4.3.3/avr5\libgcc.a(_exit.o)
 *(.fini0)
                0x00000842                _etext = .

.data           0x00800060        0xa load address 0x00000842
                0x00800060                PROVIDE (__data_start, .)
 *(.data)
 .data          0x00800060        0x0 d:/nti/avr/tools/sdk_win_64/sdk_win_64/winavr/bin/../lib/gcc/avr/4.3.3/../../../../avr/lib/avr5/crtm32.o
 .data          0x00800060        0x0 ./MCAL/DIO/DIO_program.o
 .data          0x00800060        0x0 ./APP/WEEK2/TASK2/main.o
 .data          0x00800060        0x0 ./APP/WEEK2/TASK1/main.o
 .data          0x00800060        0x0 ./APP/WEEK1/snake/main.o
 .data          0x00800060        0x0 ./APP/WEEK1/led/main.o
 .data          0x00800060        0x0 d:/nti/avr/tools/sdk_win_64/sdk_win_64/winavr/bin/../lib/gcc/avr/4.3.3/avr5\libgcc.a(_exit.o)
 .data          0x00800060        0x0 d:/nti/avr/tools/sdk_win_64/sdk_win_64/winavr/bin/../lib/gcc/avr/4.3.3/avr5\libgcc.a(_copy_data.o)
 *(.data*)
 *(.rodata)
 *(.rodata*)
 .rodata.C.0.1289
                0x00800060        0xa ./APP/WEEK2/TASK2/main.o
 *(.gnu.linkonce.d*)
                0x0080006a                . = ALIGN (0x2)
                0x0080006a                _edata = .
                0x0080006a                PROVIDE (__data_end, .)

.bss            0x0080006a        0x0
                0x0080006a                PROVIDE (__bss_start, .)
 *(.bss)
 .bss           0x0080006a        0x0 d:/nti/avr/tools/sdk_win_64/sdk_win_64/winavr/bin/../lib/gcc/avr/4.3.3/../../../../avr/lib/avr5/crtm32.o
 .bss           0x0080006a        0x0 ./MCAL/DIO/DIO_program.o
 .bss           0x0080006a        0x0 ./APP/WEEK2/TASK2/main.o
 .bss           0x0080006a        0x0 ./APP/WEEK2/TASK1/main.o
 .bss           0x0080006a        0x0 ./APP/WEEK1/snake/main.o
 .bss           0x0080006a        0x0 ./APP/WEEK1/led/main.o
 .bss           0x0080006a        0x0 d:/nti/avr/tools/sdk_win_64/sdk_win_64/winavr/bin/../lib/gcc/avr/4.3.3/avr5\libgcc.a(_exit.o)
 .bss           0x0080006a        0x0 d:/nti/avr/tools/sdk_win_64/sdk_win_64/winavr/bin/../lib/gcc/avr/4.3.3/avr5\libgcc.a(_copy_data.o)
 *(.bss*)
 *(COMMON)
                0x0080006a                PROVIDE (__bss_end, .)
                0x00000842                __data_load_start = LOADADDR (.data)
                0x0000084c                __data_load_end = (__data_load_start + SIZEOF (.data))

.noinit         0x0080006a        0x0
                0x0080006a                PROVIDE (__noinit_start, .)
 *(.noinit*)
                0x0080006a                PROVIDE (__noinit_end, .)
                0x0080006a                _end = .
                0x0080006a                PROVIDE (__heap_start, .)

.eeprom         0x00810000        0x0
 *(.eeprom*)
                0x00810000                __eeprom_end = .

.fuse
 *(.fuse)
 *(.lfuse)
 *(.hfuse)
 *(.efuse)

.lock
 *(.lock*)

.signature
 *(.signature*)

.stab           0x00000000      0xd50
 *(.stab)
 .stab          0x00000000      0x678 ./MCAL/DIO/DIO_program.o
 .stab          0x00000678      0x450 ./APP/WEEK2/TASK2/main.o
                                0x45c (size before relaxing)
 .stab          0x00000ac8       0xd8 ./APP/WEEK2/TASK1/main.o
                                 0xe4 (size before relaxing)
 .stab          0x00000ba0       0xd8 ./APP/WEEK1/snake/main.o
                                 0xe4 (size before relaxing)
 .stab          0x00000c78       0xd8 ./APP/WEEK1/led/main.o
                                 0xe4 (size before relaxing)

.stabstr        0x00000000      0x91c
 *(.stabstr)
 .stabstr       0x00000000      0x91c ./MCAL/DIO/DIO_program.o

.stab.excl
 *(.stab.excl)

.stab.exclstr
 *(.stab.exclstr)

.stab.index
 *(.stab.index)

.stab.indexstr
 *(.stab.indexstr)

.comment
 *(.comment)

.debug
 *(.debug)

.line
 *(.line)

.debug_srcinfo
 *(.debug_srcinfo)

.debug_sfnames
 *(.debug_sfnames)

.debug_aranges
 *(.debug_aranges)

.debug_pubnames
 *(.debug_pubnames)

.debug_info
 *(.debug_info)
 *(.gnu.linkonce.wi.*)

.debug_abbrev
 *(.debug_abbrev)

.debug_line
 *(.debug_line)

.debug_frame
 *(.debug_frame)

.debug_str
 *(.debug_str)

.debug_loc
 *(.debug_loc)

.debug_macinfo
 *(.debug_macinfo)
OUTPUT(cots.elf elf32-avr)
LOAD linker stubs
