Archive member included because of file (symbol)

d:/nti/avr/tools/sdk_win_64/sdk_win_64/winavr/bin/../lib/gcc/avr/4.3.3/avr5\libgcc.a(_udivmodsi4.o)
                              ./Hall/CLCD/CLCD_program.o (__udivmodsi4)
d:/nti/avr/tools/sdk_win_64/sdk_win_64/winavr/bin/../lib/gcc/avr/4.3.3/avr5\libgcc.a(_exit.o)
                              d:/nti/avr/tools/sdk_win_64/sdk_win_64/winavr/bin/../lib/gcc/avr/4.3.3/../../../../avr/lib/avr5/crtm32.o (exit)
d:/nti/avr/tools/sdk_win_64/sdk_win_64/winavr/bin/../lib/gcc/avr/4.3.3/avr5\libgcc.a(_copy_data.o)
                              ./Hall/KAYPAD/KPD_program.o (__do_copy_data)
d:/nti/avr/tools/sdk_win_64/sdk_win_64/winavr/bin/../lib/gcc/avr/4.3.3/avr5\libgcc.a(_clear_bss.o)
                              ./MCAL/EXTI/EXTI_program.o (__do_clear_bss)
d:/nti/avr/tools/sdk_win_64/sdk_win_64/winavr/bin/../lib/gcc/avr/4.3.3/avr5\libgcc.a(_fixunssfsi.o)
                              ./Hall/SWITCH/SWITCH_program.o (__fixunssfsi)
d:/nti/avr/tools/sdk_win_64/sdk_win_64/winavr/bin/../lib/gcc/avr/4.3.3/avr5\libgcc.a(_addsub_sf.o)
                              d:/nti/avr/tools/sdk_win_64/sdk_win_64/winavr/bin/../lib/gcc/avr/4.3.3/avr5\libgcc.a(_fixunssfsi.o) (__subsf3)
d:/nti/avr/tools/sdk_win_64/sdk_win_64/winavr/bin/../lib/gcc/avr/4.3.3/avr5\libgcc.a(_mul_sf.o)
                              ./Hall/SWITCH/SWITCH_program.o (__mulsf3)
d:/nti/avr/tools/sdk_win_64/sdk_win_64/winavr/bin/../lib/gcc/avr/4.3.3/avr5\libgcc.a(_gt_sf.o)
                              ./Hall/SWITCH/SWITCH_program.o (__gtsf2)
d:/nti/avr/tools/sdk_win_64/sdk_win_64/winavr/bin/../lib/gcc/avr/4.3.3/avr5\libgcc.a(_ge_sf.o)
                              d:/nti/avr/tools/sdk_win_64/sdk_win_64/winavr/bin/../lib/gcc/avr/4.3.3/avr5\libgcc.a(_fixunssfsi.o) (__gesf2)
d:/nti/avr/tools/sdk_win_64/sdk_win_64/winavr/bin/../lib/gcc/avr/4.3.3/avr5\libgcc.a(_lt_sf.o)
                              ./Hall/SWITCH/SWITCH_program.o (__ltsf2)
d:/nti/avr/tools/sdk_win_64/sdk_win_64/winavr/bin/../lib/gcc/avr/4.3.3/avr5\libgcc.a(_sf_to_si.o)
                              d:/nti/avr/tools/sdk_win_64/sdk_win_64/winavr/bin/../lib/gcc/avr/4.3.3/avr5\libgcc.a(_fixunssfsi.o) (__fixsfsi)
d:/nti/avr/tools/sdk_win_64/sdk_win_64/winavr/bin/../lib/gcc/avr/4.3.3/avr5\libgcc.a(_thenan_sf.o)
                              d:/nti/avr/tools/sdk_win_64/sdk_win_64/winavr/bin/../lib/gcc/avr/4.3.3/avr5\libgcc.a(_addsub_sf.o) (__thenan_sf)
d:/nti/avr/tools/sdk_win_64/sdk_win_64/winavr/bin/../lib/gcc/avr/4.3.3/avr5\libgcc.a(_prologue.o)
                              d:/nti/avr/tools/sdk_win_64/sdk_win_64/winavr/bin/../lib/gcc/avr/4.3.3/avr5\libgcc.a(_addsub_sf.o) (__prologue_saves__)
d:/nti/avr/tools/sdk_win_64/sdk_win_64/winavr/bin/../lib/gcc/avr/4.3.3/avr5\libgcc.a(_epilogue.o)
                              d:/nti/avr/tools/sdk_win_64/sdk_win_64/winavr/bin/../lib/gcc/avr/4.3.3/avr5\libgcc.a(_addsub_sf.o) (__epilogue_restores__)
d:/nti/avr/tools/sdk_win_64/sdk_win_64/winavr/bin/../lib/gcc/avr/4.3.3/avr5\libgcc.a(_pack_sf.o)
                              d:/nti/avr/tools/sdk_win_64/sdk_win_64/winavr/bin/../lib/gcc/avr/4.3.3/avr5\libgcc.a(_addsub_sf.o) (__pack_f)
d:/nti/avr/tools/sdk_win_64/sdk_win_64/winavr/bin/../lib/gcc/avr/4.3.3/avr5\libgcc.a(_unpack_sf.o)
                              d:/nti/avr/tools/sdk_win_64/sdk_win_64/winavr/bin/../lib/gcc/avr/4.3.3/avr5\libgcc.a(_addsub_sf.o) (__unpack_f)
d:/nti/avr/tools/sdk_win_64/sdk_win_64/winavr/bin/../lib/gcc/avr/4.3.3/avr5\libgcc.a(_fpcmp_parts_sf.o)
                              d:/nti/avr/tools/sdk_win_64/sdk_win_64/winavr/bin/../lib/gcc/avr/4.3.3/avr5\libgcc.a(_gt_sf.o) (__fpcmp_parts_f)

Allocating common symbols
Common symbol       size              file

SWITCH_state        0x1               ./Hall/SWITCH/SWITCH_program.o

Memory Configuration

Name             Origin             Length             Attributes
text             0x00000000         0x00020000         xr
data             0x00800060         0x0000ffa0         rw !x
eeprom           0x00810000         0x00010000         rw !x
fuse             0x00820000         0x00000400         rw !x
lock             0x00830000         0x00000400         rw !x
signature        0x00840000         0x00000400         rw !x
*default*        0x00000000         0xffffffff

Linker script and memory map

LOAD d:/nti/avr/tools/sdk_win_64/sdk_win_64/winavr/bin/../lib/gcc/avr/4.3.3/../../../../avr/lib/avr5/crtm32.o
LOAD ./MCAL/PORT/PORT_program.o
LOAD ./MCAL/GIE/GIE_program.o
LOAD ./MCAL/EXTI/EXTI_program.o
LOAD ./MCAL/DIO/DIO_program.o
LOAD ./Hall/SWITCH/SWITCH_program.o
LOAD ./Hall/LED/LED_program.o
LOAD ./Hall/KAYPAD/KPD_program.o
LOAD ./Hall/CLCD/CLCD_program.o
LOAD ./Hall/7_SEGMENT/_7SEGMENT_program.o
LOAD ./APP/projects/calc/calc.o
LOAD ./APP/projects/calc/main.o
LOAD ./APP/projects/PingPong/app.o
LOAD ./APP/projects/PingPong/main.o
LOAD ./APP/WEEK2/TASK2/main.o
LOAD ./APP/WEEK2/TASK1/main.o
LOAD ./APP/WEEK1/snake/main.o
LOAD ./APP/WEEK1/led/main.o
LOAD ./APP/WEEK1/TEST/main.o
LOAD d:/nti/avr/tools/sdk_win_64/sdk_win_64/winavr/bin/../lib/gcc/avr/4.3.3/avr5\libgcc.a
LOAD d:/nti/avr/tools/sdk_win_64/sdk_win_64/winavr/bin/../lib/gcc/avr/4.3.3/../../../../avr/lib/avr5\libc.a
LOAD d:/nti/avr/tools/sdk_win_64/sdk_win_64/winavr/bin/../lib/gcc/avr/4.3.3/avr5\libgcc.a

.hash
 *(.hash)

.dynsym
 *(.dynsym)

.dynstr
 *(.dynstr)

.gnu.version
 *(.gnu.version)

.gnu.version_d
 *(.gnu.version_d)

.gnu.version_r
 *(.gnu.version_r)

.rel.init
 *(.rel.init)

.rela.init
 *(.rela.init)

.rel.text
 *(.rel.text)
 *(.rel.text.*)
 *(.rel.gnu.linkonce.t*)

.rela.text
 *(.rela.text)
 *(.rela.text.*)
 *(.rela.gnu.linkonce.t*)

.rel.fini
 *(.rel.fini)

.rela.fini
 *(.rela.fini)

.rel.rodata
 *(.rel.rodata)
 *(.rel.rodata.*)
 *(.rel.gnu.linkonce.r*)

.rela.rodata
 *(.rela.rodata)
 *(.rela.rodata.*)
 *(.rela.gnu.linkonce.r*)

.rel.data
 *(.rel.data)
 *(.rel.data.*)
 *(.rel.gnu.linkonce.d*)

.rela.data
 *(.rela.data)
 *(.rela.data.*)
 *(.rela.gnu.linkonce.d*)

.rel.ctors
 *(.rel.ctors)

.rela.ctors
 *(.rela.ctors)

.rel.dtors
 *(.rel.dtors)

.rela.dtors
 *(.rela.dtors)

.rel.got
 *(.rel.got)

.rela.got
 *(.rela.got)

.rel.bss
 *(.rel.bss)

.rela.bss
 *(.rela.bss)

.rel.plt
 *(.rel.plt)

.rela.plt
 *(.rela.plt)

.text           0x00000000     0x31d6
 *(.vectors)
 .vectors       0x00000000       0x54 d:/nti/avr/tools/sdk_win_64/sdk_win_64/winavr/bin/../lib/gcc/avr/4.3.3/../../../../avr/lib/avr5/crtm32.o
                0x00000000                __vectors
                0x00000000                __vector_default
 *(.vectors)
 *(.progmem.gcc*)
 *(.progmem*)
                0x00000054                . = ALIGN (0x2)
                0x00000054                __trampolines_start = .
 *(.trampolines)
 .trampolines   0x00000054        0x0 linker stubs
 *(.trampolines*)
                0x00000054                __trampolines_end = .
 *(.jumptables)
 *(.jumptables*)
 *(.lowtext)
 *(.lowtext*)
                0x00000054                __ctors_start = .
 *(.ctors)
                0x00000054                __ctors_end = .
                0x00000054                __dtors_start = .
 *(.dtors)
                0x00000054                __dtors_end = .
 SORT(*)(.ctors)
 SORT(*)(.dtors)
 *(.init0)
 .init0         0x00000054        0x0 d:/nti/avr/tools/sdk_win_64/sdk_win_64/winavr/bin/../lib/gcc/avr/4.3.3/../../../../avr/lib/avr5/crtm32.o
                0x00000054                __init
 *(.init0)
 *(.init1)
 *(.init1)
 *(.init2)
 .init2         0x00000054        0xc d:/nti/avr/tools/sdk_win_64/sdk_win_64/winavr/bin/../lib/gcc/avr/4.3.3/../../../../avr/lib/avr5/crtm32.o
 *(.init2)
 *(.init3)
 *(.init3)
 *(.init4)
 .init4         0x00000060       0x16 d:/nti/avr/tools/sdk_win_64/sdk_win_64/winavr/bin/../lib/gcc/avr/4.3.3/avr5\libgcc.a(_copy_data.o)
                0x00000060                __do_copy_data
 .init4         0x00000076       0x10 d:/nti/avr/tools/sdk_win_64/sdk_win_64/winavr/bin/../lib/gcc/avr/4.3.3/avr5\libgcc.a(_clear_bss.o)
                0x00000076                __do_clear_bss
 *(.init4)
 *(.init5)
 *(.init5)
 *(.init6)
 *(.init6)
 *(.init7)
 *(.init7)
 *(.init8)
 *(.init8)
 *(.init9)
 .init9         0x00000086        0x8 d:/nti/avr/tools/sdk_win_64/sdk_win_64/winavr/bin/../lib/gcc/avr/4.3.3/../../../../avr/lib/avr5/crtm32.o
 *(.init9)
 *(.text)
 .text          0x0000008e        0x4 d:/nti/avr/tools/sdk_win_64/sdk_win_64/winavr/bin/../lib/gcc/avr/4.3.3/../../../../avr/lib/avr5/crtm32.o
                0x0000008e                __vector_12
                0x0000008e                __bad_interrupt
                0x0000008e                __vector_6
                0x0000008e                __vector_11
                0x0000008e                __vector_13
                0x0000008e                __vector_17
                0x0000008e                __vector_19
                0x0000008e                __vector_7
                0x0000008e                __vector_5
                0x0000008e                __vector_4
                0x0000008e                __vector_9
                0x0000008e                __vector_15
                0x0000008e                __vector_8
                0x0000008e                __vector_14
                0x0000008e                __vector_10
                0x0000008e                __vector_16
                0x0000008e                __vector_18
                0x0000008e                __vector_20
 .text          0x00000092        0x0 ./MCAL/PORT/PORT_program.o
 .text          0x00000092        0x0 ./MCAL/GIE/GIE_program.o
 .text          0x00000092        0x0 ./MCAL/EXTI/EXTI_program.o
 .text          0x00000092        0x0 ./MCAL/DIO/DIO_program.o
 .text          0x00000092        0x0 ./Hall/SWITCH/SWITCH_program.o
 .text          0x00000092        0x0 ./Hall/LED/LED_program.o
 .text          0x00000092        0x0 ./Hall/KAYPAD/KPD_program.o
 .text          0x00000092        0x0 ./Hall/CLCD/CLCD_program.o
 .text          0x00000092        0x0 ./Hall/7_SEGMENT/_7SEGMENT_program.o
 .text          0x00000092        0x0 ./APP/projects/calc/calc.o
 .text          0x00000092        0x0 ./APP/projects/calc/main.o
 .text          0x00000092        0x0 ./APP/projects/PingPong/app.o
 .text          0x00000092        0x0 ./APP/projects/PingPong/main.o
 .text          0x00000092        0x0 ./APP/WEEK2/TASK2/main.o
 .text          0x00000092        0x0 ./APP/WEEK2/TASK1/main.o
 .text          0x00000092        0x0 ./APP/WEEK1/snake/main.o
 .text          0x00000092        0x0 ./APP/WEEK1/led/main.o
 .text          0x00000092        0x0 ./APP/WEEK1/TEST/main.o
 .text          0x00000092        0x0 d:/nti/avr/tools/sdk_win_64/sdk_win_64/winavr/bin/../lib/gcc/avr/4.3.3/avr5\libgcc.a(_udivmodsi4.o)
 .text          0x00000092        0x0 d:/nti/avr/tools/sdk_win_64/sdk_win_64/winavr/bin/../lib/gcc/avr/4.3.3/avr5\libgcc.a(_exit.o)
 .text          0x00000092        0x0 d:/nti/avr/tools/sdk_win_64/sdk_win_64/winavr/bin/../lib/gcc/avr/4.3.3/avr5\libgcc.a(_copy_data.o)
 .text          0x00000092        0x0 d:/nti/avr/tools/sdk_win_64/sdk_win_64/winavr/bin/../lib/gcc/avr/4.3.3/avr5\libgcc.a(_clear_bss.o)
 .text          0x00000092       0x58 d:/nti/avr/tools/sdk_win_64/sdk_win_64/winavr/bin/../lib/gcc/avr/4.3.3/avr5\libgcc.a(_fixunssfsi.o)
                0x00000092                __fixunssfsi
 .text          0x000000ea      0x354 d:/nti/avr/tools/sdk_win_64/sdk_win_64/winavr/bin/../lib/gcc/avr/4.3.3/avr5\libgcc.a(_addsub_sf.o)
                0x00000382                __subsf3
                0x000003e4                __addsf3
 .text          0x0000043e      0x1f4 d:/nti/avr/tools/sdk_win_64/sdk_win_64/winavr/bin/../lib/gcc/avr/4.3.3/avr5\libgcc.a(_mul_sf.o)
                0x0000043e                __mulsf3
 .text          0x00000632       0x60 d:/nti/avr/tools/sdk_win_64/sdk_win_64/winavr/bin/../lib/gcc/avr/4.3.3/avr5\libgcc.a(_gt_sf.o)
                0x00000632                __gtsf2
 .text          0x00000692       0x60 d:/nti/avr/tools/sdk_win_64/sdk_win_64/winavr/bin/../lib/gcc/avr/4.3.3/avr5\libgcc.a(_ge_sf.o)
                0x00000692                __gesf2
 .text          0x000006f2       0x60 d:/nti/avr/tools/sdk_win_64/sdk_win_64/winavr/bin/../lib/gcc/avr/4.3.3/avr5\libgcc.a(_lt_sf.o)
                0x000006f2                __ltsf2
 .text          0x00000752       0xa8 d:/nti/avr/tools/sdk_win_64/sdk_win_64/winavr/bin/../lib/gcc/avr/4.3.3/avr5\libgcc.a(_sf_to_si.o)
                0x00000752                __fixsfsi
 .text          0x000007fa        0x0 d:/nti/avr/tools/sdk_win_64/sdk_win_64/winavr/bin/../lib/gcc/avr/4.3.3/avr5\libgcc.a(_thenan_sf.o)
 .text          0x000007fa        0x0 d:/nti/avr/tools/sdk_win_64/sdk_win_64/winavr/bin/../lib/gcc/avr/4.3.3/avr5\libgcc.a(_prologue.o)
 .text          0x000007fa        0x0 d:/nti/avr/tools/sdk_win_64/sdk_win_64/winavr/bin/../lib/gcc/avr/4.3.3/avr5\libgcc.a(_epilogue.o)
 .text          0x000007fa      0x1aa d:/nti/avr/tools/sdk_win_64/sdk_win_64/winavr/bin/../lib/gcc/avr/4.3.3/avr5\libgcc.a(_pack_sf.o)
                0x000007fa                __pack_f
 .text          0x000009a4       0xf0 d:/nti/avr/tools/sdk_win_64/sdk_win_64/winavr/bin/../lib/gcc/avr/4.3.3/avr5\libgcc.a(_unpack_sf.o)
                0x000009a4                __unpack_f
 .text          0x00000a94       0xb2 d:/nti/avr/tools/sdk_win_64/sdk_win_64/winavr/bin/../lib/gcc/avr/4.3.3/avr5\libgcc.a(_fpcmp_parts_sf.o)
                0x00000a94                __fpcmp_parts_f
                0x00000b46                . = ALIGN (0x2)
 *(.text.*)
 .text.PORT_voidInit
                0x00000b46       0x46 ./MCAL/PORT/PORT_program.o
                0x00000b46                PORT_voidInit
 .text.GIE_voidEnable
                0x00000b8c       0x1c ./MCAL/GIE/GIE_program.o
                0x00000b8c                GIE_voidEnable
 .text.GIE_voidDisable
                0x00000ba8       0x1c ./MCAL/GIE/GIE_program.o
                0x00000ba8                GIE_voidDisable
 .text.EXTI_voidInt0Init
                0x00000bc4       0x38 ./MCAL/EXTI/EXTI_program.o
                0x00000bc4                EXTI_voidInt0Init
 .text.EXTI_voidInt1Init
                0x00000bfc       0x38 ./MCAL/EXTI/EXTI_program.o
                0x00000bfc                EXTI_voidInt1Init
 .text.EXTI_voidInt2Init
                0x00000c34       0x2a ./MCAL/EXTI/EXTI_program.o
                0x00000c34                EXTI_voidInt2Init
 .text.EXTI_u8INT0Setcallback
                0x00000c5e       0x3a ./MCAL/EXTI/EXTI_program.o
                0x00000c5e                EXTI_u8INT0Setcallback
 .text.EXTI_u8INT1Setcallback
                0x00000c98       0x3a ./MCAL/EXTI/EXTI_program.o
                0x00000c98                EXTI_u8INT1Setcallback
 .text.__vector_1
                0x00000cd2       0x66 ./MCAL/EXTI/EXTI_program.o
                0x00000cd2                __vector_1
 .text.__vector_2
                0x00000d38       0x66 ./MCAL/EXTI/EXTI_program.o
                0x00000d38                __vector_2
 .text.__vector_3
                0x00000d9e       0x66 ./MCAL/EXTI/EXTI_program.o
                0x00000d9e                __vector_3
 .text.DIO_SetPinDirection
                0x00000e04      0x224 ./MCAL/DIO/DIO_program.o
                0x00000e04                DIO_SetPinDirection
 .text.DIO_SetPortDirection
                0x00001028       0x90 ./MCAL/DIO/DIO_program.o
                0x00001028                DIO_SetPortDirection
 .text.DIO_SetPinValue
                0x000010b8      0x224 ./MCAL/DIO/DIO_program.o
                0x000010b8                DIO_SetPinValue
 .text.DIO_SetPortValue
                0x000012dc       0x90 ./MCAL/DIO/DIO_program.o
                0x000012dc                DIO_SetPortValue
 .text.DIO_GetPinValue
                0x0000136c      0x130 ./MCAL/DIO/DIO_program.o
                0x0000136c                DIO_GetPinValue
 .text.SWITCH_u8Switchgetpressed
                0x0000149c      0x246 ./Hall/SWITCH/SWITCH_program.o
                0x0000149c                SWITCH_u8Switchgetpressed
 .text.SWITCH_u8Switchinitialize
                0x000016e2       0x6a ./Hall/SWITCH/SWITCH_program.o
                0x000016e2                SWITCH_u8Switchinitialize
 .text.LED_u8Initialize
                0x0000174c       0xa6 ./Hall/LED/LED_program.o
                0x0000174c                LED_u8Initialize
 .text.LED_u8TurnOnLED
                0x000017f2       0x92 ./Hall/LED/LED_program.o
                0x000017f2                LED_u8TurnOnLED
 .text.LED_u8TurnOffLED
                0x00001884       0x92 ./Hall/LED/LED_program.o
                0x00001884                LED_u8TurnOffLED
 .text.KPD_u8GetPressedkey
                0x00001916       0xf0 ./Hall/KAYPAD/KPD_program.o
                0x00001916                KPD_u8GetPressedkey
 .text.CLCD_voidSendCommand
                0x00001a06      0x13c ./Hall/CLCD/CLCD_program.o
                0x00001a06                CLCD_voidSendCommand
 .text.CLCD_voidSendData
                0x00001b42      0x13c ./Hall/CLCD/CLCD_program.o
                0x00001b42                CLCD_voidSendData
 .text.CLCD_voidInit
                0x00001c7e      0x11c ./Hall/CLCD/CLCD_program.o
                0x00001c7e                CLCD_voidInit
 .text.CLCD_voidSendString
                0x00001d9a       0x54 ./Hall/CLCD/CLCD_program.o
                0x00001d9a                CLCD_voidSendString
 .text.CLCD_voidGoToXY
                0x00001dee       0x3c ./Hall/CLCD/CLCD_program.o
                0x00001dee                CLCD_voidGoToXY
 .text.CLCD_voidDisplaySpecialCharacter
                0x00001e2a       0x82 ./Hall/CLCD/CLCD_program.o
                0x00001e2a                CLCD_voidDisplaySpecialCharacter
 .text.CLCD_voidDisplayNumber
                0x00001eac      0x282 ./Hall/CLCD/CLCD_program.o
                0x00001eac                CLCD_voidDisplayNumber
 .text.CLCD_voidClearLCD
                0x0000212e       0x14 ./Hall/CLCD/CLCD_program.o
                0x0000212e                CLCD_voidClearLCD
 .text._7SEGMENT_u8ShowNumber
                0x00002142      0x266 ./Hall/7_SEGMENT/_7SEGMENT_program.o
                0x00002142                _7SEGMENT_u8ShowNumber
 .text._7SEGMENT_u8HideNumber
                0x000023a8       0xa6 ./Hall/7_SEGMENT/_7SEGMENT_program.o
                0x000023a8                _7SEGMENT_u8HideNumber
 .text._7SEGMENT_u8Initialize
                0x0000244e      0x100 ./Hall/7_SEGMENT/_7SEGMENT_program.o
                0x0000244e                _7SEGMENT_u8Initialize
 .text.start    0x0000254e      0x21e ./APP/projects/PingPong/app.o
                0x0000254e                start
 .text.handling
                0x0000276c      0x358 ./APP/projects/PingPong/app.o
                0x0000276c                handling
 .text.gameinit
                0x00002ac4      0x35a ./APP/projects/PingPong/app.o
                0x00002ac4                gameinit
 .text.ISR_INT0
                0x00002e1e      0x166 ./APP/projects/PingPong/app.o
                0x00002e1e                ISR_INT0
 .text.ISR_INT1
                0x00002f84      0x166 ./APP/projects/PingPong/app.o
                0x00002f84                ISR_INT1
 .text.main     0x000030ea       0x36 ./APP/projects/PingPong/main.o
                0x000030ea                main
 .text.libgcc   0x00003120       0x44 d:/nti/avr/tools/sdk_win_64/sdk_win_64/winavr/bin/../lib/gcc/avr/4.3.3/avr5\libgcc.a(_udivmodsi4.o)
                0x00003120                __udivmodsi4
 .text.libgcc   0x00003164        0x0 d:/nti/avr/tools/sdk_win_64/sdk_win_64/winavr/bin/../lib/gcc/avr/4.3.3/avr5\libgcc.a(_exit.o)
 .text.libgcc   0x00003164        0x0 d:/nti/avr/tools/sdk_win_64/sdk_win_64/winavr/bin/../lib/gcc/avr/4.3.3/avr5\libgcc.a(_copy_data.o)
 .text.libgcc   0x00003164        0x0 d:/nti/avr/tools/sdk_win_64/sdk_win_64/winavr/bin/../lib/gcc/avr/4.3.3/avr5\libgcc.a(_clear_bss.o)
 .text.libgcc   0x00003164       0x38 d:/nti/avr/tools/sdk_win_64/sdk_win_64/winavr/bin/../lib/gcc/avr/4.3.3/avr5\libgcc.a(_prologue.o)
                0x00003164                __prologue_saves__
 .text.libgcc   0x0000319c       0x36 d:/nti/avr/tools/sdk_win_64/sdk_win_64/winavr/bin/../lib/gcc/avr/4.3.3/avr5\libgcc.a(_epilogue.o)
                0x0000319c                __epilogue_restores__
                0x000031d2                . = ALIGN (0x2)
 *(.fini9)
 .fini9         0x000031d2        0x0 d:/nti/avr/tools/sdk_win_64/sdk_win_64/winavr/bin/../lib/gcc/avr/4.3.3/avr5\libgcc.a(_exit.o)
                0x000031d2                exit
                0x000031d2                _exit
 *(.fini9)
 *(.fini8)
 *(.fini8)
 *(.fini7)
 *(.fini7)
 *(.fini6)
 *(.fini6)
 *(.fini5)
 *(.fini5)
 *(.fini4)
 *(.fini4)
 *(.fini3)
 *(.fini3)
 *(.fini2)
 *(.fini2)
 *(.fini1)
 *(.fini1)
 *(.fini0)
 .fini0         0x000031d2        0x4 d:/nti/avr/tools/sdk_win_64/sdk_win_64/winavr/bin/../lib/gcc/avr/4.3.3/avr5\libgcc.a(_exit.o)
 *(.fini0)
                0x000031d6                _etext = .

.data           0x00800060       0x7e load address 0x000031d6
                0x00800060                PROVIDE (__data_start, .)
 *(.data)
 .data          0x00800060        0x0 d:/nti/avr/tools/sdk_win_64/sdk_win_64/winavr/bin/../lib/gcc/avr/4.3.3/../../../../avr/lib/avr5/crtm32.o
 .data          0x00800060        0x0 ./MCAL/PORT/PORT_program.o
 .data          0x00800060        0x0 ./MCAL/GIE/GIE_program.o
 .data          0x00800060        0x0 ./MCAL/EXTI/EXTI_program.o
 .data          0x00800060        0x0 ./MCAL/DIO/DIO_program.o
 .data          0x00800060        0x0 ./Hall/SWITCH/SWITCH_program.o
 .data          0x00800060        0x0 ./Hall/LED/LED_program.o
 .data          0x00800060        0x0 ./Hall/KAYPAD/KPD_program.o
 .data          0x00800060        0x0 ./Hall/CLCD/CLCD_program.o
 .data          0x00800060        0x0 ./Hall/7_SEGMENT/_7SEGMENT_program.o
 .data          0x00800060        0x0 ./APP/projects/calc/calc.o
 .data          0x00800060        0x0 ./APP/projects/calc/main.o
 .data          0x00800060       0x52 ./APP/projects/PingPong/app.o
 .data          0x008000b2        0x0 ./APP/projects/PingPong/main.o
 .data          0x008000b2        0x0 ./APP/WEEK2/TASK2/main.o
 .data          0x008000b2        0x0 ./APP/WEEK2/TASK1/main.o
 .data          0x008000b2        0x0 ./APP/WEEK1/snake/main.o
 .data          0x008000b2        0x0 ./APP/WEEK1/led/main.o
 .data          0x008000b2        0x0 ./APP/WEEK1/TEST/main.o
 .data          0x008000b2        0x0 d:/nti/avr/tools/sdk_win_64/sdk_win_64/winavr/bin/../lib/gcc/avr/4.3.3/avr5\libgcc.a(_udivmodsi4.o)
 .data          0x008000b2        0x0 d:/nti/avr/tools/sdk_win_64/sdk_win_64/winavr/bin/../lib/gcc/avr/4.3.3/avr5\libgcc.a(_exit.o)
 .data          0x008000b2        0x0 d:/nti/avr/tools/sdk_win_64/sdk_win_64/winavr/bin/../lib/gcc/avr/4.3.3/avr5\libgcc.a(_copy_data.o)
 .data          0x008000b2        0x0 d:/nti/avr/tools/sdk_win_64/sdk_win_64/winavr/bin/../lib/gcc/avr/4.3.3/avr5\libgcc.a(_clear_bss.o)
 .data          0x008000b2        0x0 d:/nti/avr/tools/sdk_win_64/sdk_win_64/winavr/bin/../lib/gcc/avr/4.3.3/avr5\libgcc.a(_fixunssfsi.o)
 .data          0x008000b2        0x0 d:/nti/avr/tools/sdk_win_64/sdk_win_64/winavr/bin/../lib/gcc/avr/4.3.3/avr5\libgcc.a(_addsub_sf.o)
 .data          0x008000b2        0x0 d:/nti/avr/tools/sdk_win_64/sdk_win_64/winavr/bin/../lib/gcc/avr/4.3.3/avr5\libgcc.a(_mul_sf.o)
 .data          0x008000b2        0x0 d:/nti/avr/tools/sdk_win_64/sdk_win_64/winavr/bin/../lib/gcc/avr/4.3.3/avr5\libgcc.a(_gt_sf.o)
 .data          0x008000b2        0x0 d:/nti/avr/tools/sdk_win_64/sdk_win_64/winavr/bin/../lib/gcc/avr/4.3.3/avr5\libgcc.a(_ge_sf.o)
 .data          0x008000b2        0x0 d:/nti/avr/tools/sdk_win_64/sdk_win_64/winavr/bin/../lib/gcc/avr/4.3.3/avr5\libgcc.a(_lt_sf.o)
 .data          0x008000b2        0x0 d:/nti/avr/tools/sdk_win_64/sdk_win_64/winavr/bin/../lib/gcc/avr/4.3.3/avr5\libgcc.a(_sf_to_si.o)
 .data          0x008000b2        0x8 d:/nti/avr/tools/sdk_win_64/sdk_win_64/winavr/bin/../lib/gcc/avr/4.3.3/avr5\libgcc.a(_thenan_sf.o)
                0x008000b2                __thenan_sf
 .data          0x008000ba        0x0 d:/nti/avr/tools/sdk_win_64/sdk_win_64/winavr/bin/../lib/gcc/avr/4.3.3/avr5\libgcc.a(_prologue.o)
 .data          0x008000ba        0x0 d:/nti/avr/tools/sdk_win_64/sdk_win_64/winavr/bin/../lib/gcc/avr/4.3.3/avr5\libgcc.a(_epilogue.o)
 .data          0x008000ba        0x0 d:/nti/avr/tools/sdk_win_64/sdk_win_64/winavr/bin/../lib/gcc/avr/4.3.3/avr5\libgcc.a(_pack_sf.o)
 .data          0x008000ba        0x0 d:/nti/avr/tools/sdk_win_64/sdk_win_64/winavr/bin/../lib/gcc/avr/4.3.3/avr5\libgcc.a(_unpack_sf.o)
 .data          0x008000ba        0x0 d:/nti/avr/tools/sdk_win_64/sdk_win_64/winavr/bin/../lib/gcc/avr/4.3.3/avr5\libgcc.a(_fpcmp_parts_sf.o)
 *(.data*)
 .data.Local_u8KPDROWSArr.1288
                0x008000ba        0x4 ./Hall/KAYPAD/KPD_program.o
 .data.Local_u8KPDColumnArr.1287
                0x008000be        0x4 ./Hall/KAYPAD/KPD_program.o
 .data.Local_u8KPDArr.1286
                0x008000c2       0x10 ./Hall/KAYPAD/KPD_program.o
 .data._7SEGMENTNUM
                0x008000d2        0xa ./Hall/7_SEGMENT/_7SEGMENT_program.o
 .data.turns    0x008000dc        0x1 ./APP/projects/PingPong/app.o
                0x008000dc                turns
 .data.col_ball
                0x008000dd        0x1 ./APP/projects/PingPong/app.o
                0x008000dd                col_ball
 *(.rodata)
 *(.rodata*)
 *(.gnu.linkonce.d*)
                0x008000de                . = ALIGN (0x2)
                0x008000de                _edata = .
                0x008000de                PROVIDE (__data_end, .)

.bss            0x008000de        0xc
                0x008000de                PROVIDE (__bss_start, .)
 *(.bss)
 .bss           0x008000de        0x0 d:/nti/avr/tools/sdk_win_64/sdk_win_64/winavr/bin/../lib/gcc/avr/4.3.3/../../../../avr/lib/avr5/crtm32.o
 .bss           0x008000de        0x0 ./MCAL/PORT/PORT_program.o
 .bss           0x008000de        0x0 ./MCAL/GIE/GIE_program.o
 .bss           0x008000de        0x0 ./MCAL/EXTI/EXTI_program.o
 .bss           0x008000de        0x0 ./MCAL/DIO/DIO_program.o
 .bss           0x008000de        0x0 ./Hall/SWITCH/SWITCH_program.o
 .bss           0x008000de        0x0 ./Hall/LED/LED_program.o
 .bss           0x008000de        0x0 ./Hall/KAYPAD/KPD_program.o
 .bss           0x008000de        0x0 ./Hall/CLCD/CLCD_program.o
 .bss           0x008000de        0x0 ./Hall/7_SEGMENT/_7SEGMENT_program.o
 .bss           0x008000de        0x0 ./APP/projects/calc/calc.o
 .bss           0x008000de        0x0 ./APP/projects/calc/main.o
 .bss           0x008000de        0x0 ./APP/projects/PingPong/app.o
 .bss           0x008000de        0x0 ./APP/projects/PingPong/main.o
 .bss           0x008000de        0x0 ./APP/WEEK2/TASK2/main.o
 .bss           0x008000de        0x0 ./APP/WEEK2/TASK1/main.o
 .bss           0x008000de        0x0 ./APP/WEEK1/snake/main.o
 .bss           0x008000de        0x0 ./APP/WEEK1/led/main.o
 .bss           0x008000de        0x0 ./APP/WEEK1/TEST/main.o
 .bss           0x008000de        0x0 d:/nti/avr/tools/sdk_win_64/sdk_win_64/winavr/bin/../lib/gcc/avr/4.3.3/avr5\libgcc.a(_udivmodsi4.o)
 .bss           0x008000de        0x0 d:/nti/avr/tools/sdk_win_64/sdk_win_64/winavr/bin/../lib/gcc/avr/4.3.3/avr5\libgcc.a(_exit.o)
 .bss           0x008000de        0x0 d:/nti/avr/tools/sdk_win_64/sdk_win_64/winavr/bin/../lib/gcc/avr/4.3.3/avr5\libgcc.a(_copy_data.o)
 .bss           0x008000de        0x0 d:/nti/avr/tools/sdk_win_64/sdk_win_64/winavr/bin/../lib/gcc/avr/4.3.3/avr5\libgcc.a(_clear_bss.o)
 .bss           0x008000de        0x0 d:/nti/avr/tools/sdk_win_64/sdk_win_64/winavr/bin/../lib/gcc/avr/4.3.3/avr5\libgcc.a(_fixunssfsi.o)
 .bss           0x008000de        0x0 d:/nti/avr/tools/sdk_win_64/sdk_win_64/winavr/bin/../lib/gcc/avr/4.3.3/avr5\libgcc.a(_addsub_sf.o)
 .bss           0x008000de        0x0 d:/nti/avr/tools/sdk_win_64/sdk_win_64/winavr/bin/../lib/gcc/avr/4.3.3/avr5\libgcc.a(_mul_sf.o)
 .bss           0x008000de        0x0 d:/nti/avr/tools/sdk_win_64/sdk_win_64/winavr/bin/../lib/gcc/avr/4.3.3/avr5\libgcc.a(_gt_sf.o)
 .bss           0x008000de        0x0 d:/nti/avr/tools/sdk_win_64/sdk_win_64/winavr/bin/../lib/gcc/avr/4.3.3/avr5\libgcc.a(_ge_sf.o)
 .bss           0x008000de        0x0 d:/nti/avr/tools/sdk_win_64/sdk_win_64/winavr/bin/../lib/gcc/avr/4.3.3/avr5\libgcc.a(_lt_sf.o)
 .bss           0x008000de        0x0 d:/nti/avr/tools/sdk_win_64/sdk_win_64/winavr/bin/../lib/gcc/avr/4.3.3/avr5\libgcc.a(_sf_to_si.o)
 .bss           0x008000de        0x0 d:/nti/avr/tools/sdk_win_64/sdk_win_64/winavr/bin/../lib/gcc/avr/4.3.3/avr5\libgcc.a(_thenan_sf.o)
 .bss           0x008000de        0x0 d:/nti/avr/tools/sdk_win_64/sdk_win_64/winavr/bin/../lib/gcc/avr/4.3.3/avr5\libgcc.a(_prologue.o)
 .bss           0x008000de        0x0 d:/nti/avr/tools/sdk_win_64/sdk_win_64/winavr/bin/../lib/gcc/avr/4.3.3/avr5\libgcc.a(_epilogue.o)
 .bss           0x008000de        0x0 d:/nti/avr/tools/sdk_win_64/sdk_win_64/winavr/bin/../lib/gcc/avr/4.3.3/avr5\libgcc.a(_pack_sf.o)
 .bss           0x008000de        0x0 d:/nti/avr/tools/sdk_win_64/sdk_win_64/winavr/bin/../lib/gcc/avr/4.3.3/avr5\libgcc.a(_unpack_sf.o)
 .bss           0x008000de        0x0 d:/nti/avr/tools/sdk_win_64/sdk_win_64/winavr/bin/../lib/gcc/avr/4.3.3/avr5\libgcc.a(_fpcmp_parts_sf.o)
 *(.bss*)
 .bss.EXTI_pvInt0Func
                0x008000de        0x2 ./MCAL/EXTI/EXTI_program.o
                0x008000de                EXTI_pvInt0Func
 .bss.EXTI_pvInt1Func
                0x008000e0        0x2 ./MCAL/EXTI/EXTI_program.o
                0x008000e0                EXTI_pvInt1Func
 .bss.EXTI_pvInt2Func
                0x008000e2        0x2 ./MCAL/EXTI/EXTI_program.o
                0x008000e2                EXTI_pvInt2Func
 .bss.P1        0x008000e4        0x1 ./APP/projects/PingPong/app.o
                0x008000e4                P1
 .bss.P2        0x008000e5        0x1 ./APP/projects/PingPong/app.o
                0x008000e5                P2
 .bss.res1      0x008000e6        0x1 ./APP/projects/PingPong/app.o
                0x008000e6                res1
 .bss.res2      0x008000e7        0x1 ./APP/projects/PingPong/app.o
                0x008000e7                res2
 .bss.row_ball  0x008000e8        0x1 ./APP/projects/PingPong/app.o
                0x008000e8                row_ball
 *(COMMON)
 COMMON         0x008000e9        0x1 ./Hall/SWITCH/SWITCH_program.o
                0x008000e9                SWITCH_state
                0x008000ea                PROVIDE (__bss_end, .)
                0x000031d6                __data_load_start = LOADADDR (.data)
                0x00003254                __data_load_end = (__data_load_start + SIZEOF (.data))

.noinit         0x008000ea        0x0
                0x008000ea                PROVIDE (__noinit_start, .)
 *(.noinit*)
                0x008000ea                PROVIDE (__noinit_end, .)
                0x008000ea                _end = .
                0x008000ea                PROVIDE (__heap_start, .)

.eeprom         0x00810000        0x0
 *(.eeprom*)
                0x00810000                __eeprom_end = .

.fuse
 *(.fuse)
 *(.lfuse)
 *(.hfuse)
 *(.efuse)

.lock
 *(.lock*)

.signature
 *(.signature*)

.stab           0x00000000     0x3c00
 *(.stab)
 .stab          0x00000000      0x1f8 ./MCAL/PORT/PORT_program.o
 .stab          0x000001f8      0x1c8 ./MCAL/GIE/GIE_program.o
                                0x1d4 (size before relaxing)
 .stab          0x000003c0      0x42c ./MCAL/EXTI/EXTI_program.o
                                0x438 (size before relaxing)
 .stab          0x000007ec      0x66c ./MCAL/DIO/DIO_program.o
                                0x678 (size before relaxing)
 .stab          0x00000e58      0x5a0 ./Hall/SWITCH/SWITCH_program.o
                                0x5ac (size before relaxing)
 .stab          0x000013f8      0x390 ./Hall/LED/LED_program.o
                                0x39c (size before relaxing)
 .stab          0x00001788      0x2e8 ./Hall/KAYPAD/KPD_program.o
                                0x480 (size before relaxing)
 .stab          0x00001a70      0x8dc ./Hall/CLCD/CLCD_program.o
                                0xa74 (size before relaxing)
 .stab          0x0000234c      0x504 ./Hall/7_SEGMENT/_7SEGMENT_program.o
                                0x510 (size before relaxing)
 .stab          0x00002850       0xd8 ./APP/projects/calc/calc.o
                                 0xe4 (size before relaxing)
 .stab          0x00002928       0xd8 ./APP/projects/calc/main.o
                                 0xe4 (size before relaxing)
 .stab          0x00002a00      0xc60 ./APP/projects/PingPong/app.o
                                0xdf8 (size before relaxing)
 .stab          0x00003660      0x168 ./APP/projects/PingPong/main.o
                                0x1f8 (size before relaxing)
 .stab          0x000037c8       0xd8 ./APP/WEEK2/TASK2/main.o
                                 0xe4 (size before relaxing)
 .stab          0x000038a0       0xd8 ./APP/WEEK2/TASK1/main.o
                                 0xe4 (size before relaxing)
 .stab          0x00003978       0xd8 ./APP/WEEK1/snake/main.o
                                 0xe4 (size before relaxing)
 .stab          0x00003a50       0xd8 ./APP/WEEK1/led/main.o
                                 0xe4 (size before relaxing)
 .stab          0x00003b28       0xd8 ./APP/WEEK1/TEST/main.o
                                 0xe4 (size before relaxing)

.stabstr        0x00000000     0x15b4
 *(.stabstr)
 .stabstr       0x00000000     0x15b4 ./MCAL/PORT/PORT_program.o

.stab.excl
 *(.stab.excl)

.stab.exclstr
 *(.stab.exclstr)

.stab.index
 *(.stab.index)

.stab.indexstr
 *(.stab.indexstr)

.comment
 *(.comment)

.debug
 *(.debug)

.line
 *(.line)

.debug_srcinfo
 *(.debug_srcinfo)

.debug_sfnames
 *(.debug_sfnames)

.debug_aranges  0x00000000      0x140
 *(.debug_aranges)
 .debug_aranges
                0x00000000       0x20 d:/nti/avr/tools/sdk_win_64/sdk_win_64/winavr/bin/../lib/gcc/avr/4.3.3/avr5\libgcc.a(_fixunssfsi.o)
 .debug_aranges
                0x00000020       0x20 d:/nti/avr/tools/sdk_win_64/sdk_win_64/winavr/bin/../lib/gcc/avr/4.3.3/avr5\libgcc.a(_addsub_sf.o)
 .debug_aranges
                0x00000040       0x20 d:/nti/avr/tools/sdk_win_64/sdk_win_64/winavr/bin/../lib/gcc/avr/4.3.3/avr5\libgcc.a(_mul_sf.o)
 .debug_aranges
                0x00000060       0x20 d:/nti/avr/tools/sdk_win_64/sdk_win_64/winavr/bin/../lib/gcc/avr/4.3.3/avr5\libgcc.a(_gt_sf.o)
 .debug_aranges
                0x00000080       0x20 d:/nti/avr/tools/sdk_win_64/sdk_win_64/winavr/bin/../lib/gcc/avr/4.3.3/avr5\libgcc.a(_ge_sf.o)
 .debug_aranges
                0x000000a0       0x20 d:/nti/avr/tools/sdk_win_64/sdk_win_64/winavr/bin/../lib/gcc/avr/4.3.3/avr5\libgcc.a(_lt_sf.o)
 .debug_aranges
                0x000000c0       0x20 d:/nti/avr/tools/sdk_win_64/sdk_win_64/winavr/bin/../lib/gcc/avr/4.3.3/avr5\libgcc.a(_sf_to_si.o)
 .debug_aranges
                0x000000e0       0x20 d:/nti/avr/tools/sdk_win_64/sdk_win_64/winavr/bin/../lib/gcc/avr/4.3.3/avr5\libgcc.a(_pack_sf.o)
 .debug_aranges
                0x00000100       0x20 d:/nti/avr/tools/sdk_win_64/sdk_win_64/winavr/bin/../lib/gcc/avr/4.3.3/avr5\libgcc.a(_unpack_sf.o)
 .debug_aranges
                0x00000120       0x20 d:/nti/avr/tools/sdk_win_64/sdk_win_64/winavr/bin/../lib/gcc/avr/4.3.3/avr5\libgcc.a(_fpcmp_parts_sf.o)

.debug_pubnames
                0x00000000      0x170
 *(.debug_pubnames)
 .debug_pubnames
                0x00000000       0x23 d:/nti/avr/tools/sdk_win_64/sdk_win_64/winavr/bin/../lib/gcc/avr/4.3.3/avr5\libgcc.a(_fixunssfsi.o)
 .debug_pubnames
                0x00000023       0x2c d:/nti/avr/tools/sdk_win_64/sdk_win_64/winavr/bin/../lib/gcc/avr/4.3.3/avr5\libgcc.a(_addsub_sf.o)
 .debug_pubnames
                0x0000004f       0x1f d:/nti/avr/tools/sdk_win_64/sdk_win_64/winavr/bin/../lib/gcc/avr/4.3.3/avr5\libgcc.a(_mul_sf.o)
 .debug_pubnames
                0x0000006e       0x1e d:/nti/avr/tools/sdk_win_64/sdk_win_64/winavr/bin/../lib/gcc/avr/4.3.3/avr5\libgcc.a(_gt_sf.o)
 .debug_pubnames
                0x0000008c       0x1e d:/nti/avr/tools/sdk_win_64/sdk_win_64/winavr/bin/../lib/gcc/avr/4.3.3/avr5\libgcc.a(_ge_sf.o)
 .debug_pubnames
                0x000000aa       0x1e d:/nti/avr/tools/sdk_win_64/sdk_win_64/winavr/bin/../lib/gcc/avr/4.3.3/avr5\libgcc.a(_lt_sf.o)
 .debug_pubnames
                0x000000c8       0x20 d:/nti/avr/tools/sdk_win_64/sdk_win_64/winavr/bin/../lib/gcc/avr/4.3.3/avr5\libgcc.a(_sf_to_si.o)
 .debug_pubnames
                0x000000e8       0x22 d:/nti/avr/tools/sdk_win_64/sdk_win_64/winavr/bin/../lib/gcc/avr/4.3.3/avr5\libgcc.a(_thenan_sf.o)
 .debug_pubnames
                0x0000010a       0x1f d:/nti/avr/tools/sdk_win_64/sdk_win_64/winavr/bin/../lib/gcc/avr/4.3.3/avr5\libgcc.a(_pack_sf.o)
 .debug_pubnames
                0x00000129       0x21 d:/nti/avr/tools/sdk_win_64/sdk_win_64/winavr/bin/../lib/gcc/avr/4.3.3/avr5\libgcc.a(_unpack_sf.o)
 .debug_pubnames
                0x0000014a       0x26 d:/nti/avr/tools/sdk_win_64/sdk_win_64/winavr/bin/../lib/gcc/avr/4.3.3/avr5\libgcc.a(_fpcmp_parts_sf.o)

.debug_info     0x00000000     0x1c49
 *(.debug_info)
 .debug_info    0x00000000       0xb1 d:/nti/avr/tools/sdk_win_64/sdk_win_64/winavr/bin/../lib/gcc/avr/4.3.3/avr5\libgcc.a(_fixunssfsi.o)
 .debug_info    0x000000b1      0x47a d:/nti/avr/tools/sdk_win_64/sdk_win_64/winavr/bin/../lib/gcc/avr/4.3.3/avr5\libgcc.a(_addsub_sf.o)
 .debug_info    0x0000052b      0x485 d:/nti/avr/tools/sdk_win_64/sdk_win_64/winavr/bin/../lib/gcc/avr/4.3.3/avr5\libgcc.a(_mul_sf.o)
 .debug_info    0x000009b0      0x27f d:/nti/avr/tools/sdk_win_64/sdk_win_64/winavr/bin/../lib/gcc/avr/4.3.3/avr5\libgcc.a(_gt_sf.o)
 .debug_info    0x00000c2f      0x27f d:/nti/avr/tools/sdk_win_64/sdk_win_64/winavr/bin/../lib/gcc/avr/4.3.3/avr5\libgcc.a(_ge_sf.o)
 .debug_info    0x00000eae      0x27f d:/nti/avr/tools/sdk_win_64/sdk_win_64/winavr/bin/../lib/gcc/avr/4.3.3/avr5\libgcc.a(_lt_sf.o)
 .debug_info    0x0000112d      0x2b0 d:/nti/avr/tools/sdk_win_64/sdk_win_64/winavr/bin/../lib/gcc/avr/4.3.3/avr5\libgcc.a(_sf_to_si.o)
 .debug_info    0x000013dd      0x12c d:/nti/avr/tools/sdk_win_64/sdk_win_64/winavr/bin/../lib/gcc/avr/4.3.3/avr5\libgcc.a(_thenan_sf.o)
 .debug_info    0x00001509      0x2df d:/nti/avr/tools/sdk_win_64/sdk_win_64/winavr/bin/../lib/gcc/avr/4.3.3/avr5\libgcc.a(_pack_sf.o)
 .debug_info    0x000017e8      0x251 d:/nti/avr/tools/sdk_win_64/sdk_win_64/winavr/bin/../lib/gcc/avr/4.3.3/avr5\libgcc.a(_unpack_sf.o)
 .debug_info    0x00001a39      0x210 d:/nti/avr/tools/sdk_win_64/sdk_win_64/winavr/bin/../lib/gcc/avr/4.3.3/avr5\libgcc.a(_fpcmp_parts_sf.o)
 *(.gnu.linkonce.wi.*)

.debug_abbrev   0x00000000      0xeeb
 *(.debug_abbrev)
 .debug_abbrev  0x00000000       0x5d d:/nti/avr/tools/sdk_win_64/sdk_win_64/winavr/bin/../lib/gcc/avr/4.3.3/avr5\libgcc.a(_fixunssfsi.o)
 .debug_abbrev  0x0000005d      0x1ea d:/nti/avr/tools/sdk_win_64/sdk_win_64/winavr/bin/../lib/gcc/avr/4.3.3/avr5\libgcc.a(_addsub_sf.o)
 .debug_abbrev  0x00000247      0x21b d:/nti/avr/tools/sdk_win_64/sdk_win_64/winavr/bin/../lib/gcc/avr/4.3.3/avr5\libgcc.a(_mul_sf.o)
 .debug_abbrev  0x00000462      0x15a d:/nti/avr/tools/sdk_win_64/sdk_win_64/winavr/bin/../lib/gcc/avr/4.3.3/avr5\libgcc.a(_gt_sf.o)
 .debug_abbrev  0x000005bc      0x15a d:/nti/avr/tools/sdk_win_64/sdk_win_64/winavr/bin/../lib/gcc/avr/4.3.3/avr5\libgcc.a(_ge_sf.o)
 .debug_abbrev  0x00000716      0x15a d:/nti/avr/tools/sdk_win_64/sdk_win_64/winavr/bin/../lib/gcc/avr/4.3.3/avr5\libgcc.a(_lt_sf.o)
 .debug_abbrev  0x00000870      0x17f d:/nti/avr/tools/sdk_win_64/sdk_win_64/winavr/bin/../lib/gcc/avr/4.3.3/avr5\libgcc.a(_sf_to_si.o)
 .debug_abbrev  0x000009ef       0xad d:/nti/avr/tools/sdk_win_64/sdk_win_64/winavr/bin/../lib/gcc/avr/4.3.3/avr5\libgcc.a(_thenan_sf.o)
 .debug_abbrev  0x00000a9c      0x1c0 d:/nti/avr/tools/sdk_win_64/sdk_win_64/winavr/bin/../lib/gcc/avr/4.3.3/avr5\libgcc.a(_pack_sf.o)
 .debug_abbrev  0x00000c5c      0x154 d:/nti/avr/tools/sdk_win_64/sdk_win_64/winavr/bin/../lib/gcc/avr/4.3.3/avr5\libgcc.a(_unpack_sf.o)
 .debug_abbrev  0x00000db0      0x13b d:/nti/avr/tools/sdk_win_64/sdk_win_64/winavr/bin/../lib/gcc/avr/4.3.3/avr5\libgcc.a(_fpcmp_parts_sf.o)

.debug_line     0x00000000      0xdad
 *(.debug_line)
 .debug_line    0x00000000       0xa7 d:/nti/avr/tools/sdk_win_64/sdk_win_64/winavr/bin/../lib/gcc/avr/4.3.3/avr5\libgcc.a(_fixunssfsi.o)
 .debug_line    0x000000a7      0x2af d:/nti/avr/tools/sdk_win_64/sdk_win_64/winavr/bin/../lib/gcc/avr/4.3.3/avr5\libgcc.a(_addsub_sf.o)
 .debug_line    0x00000356      0x239 d:/nti/avr/tools/sdk_win_64/sdk_win_64/winavr/bin/../lib/gcc/avr/4.3.3/avr5\libgcc.a(_mul_sf.o)
 .debug_line    0x0000058f       0xd3 d:/nti/avr/tools/sdk_win_64/sdk_win_64/winavr/bin/../lib/gcc/avr/4.3.3/avr5\libgcc.a(_gt_sf.o)
 .debug_line    0x00000662       0xd3 d:/nti/avr/tools/sdk_win_64/sdk_win_64/winavr/bin/../lib/gcc/avr/4.3.3/avr5\libgcc.a(_ge_sf.o)
 .debug_line    0x00000735       0xd3 d:/nti/avr/tools/sdk_win_64/sdk_win_64/winavr/bin/../lib/gcc/avr/4.3.3/avr5\libgcc.a(_lt_sf.o)
 .debug_line    0x00000808      0x109 d:/nti/avr/tools/sdk_win_64/sdk_win_64/winavr/bin/../lib/gcc/avr/4.3.3/avr5\libgcc.a(_sf_to_si.o)
 .debug_line    0x00000911       0x90 d:/nti/avr/tools/sdk_win_64/sdk_win_64/winavr/bin/../lib/gcc/avr/4.3.3/avr5\libgcc.a(_thenan_sf.o)
 .debug_line    0x000009a1      0x18a d:/nti/avr/tools/sdk_win_64/sdk_win_64/winavr/bin/../lib/gcc/avr/4.3.3/avr5\libgcc.a(_pack_sf.o)
 .debug_line    0x00000b2b      0x14b d:/nti/avr/tools/sdk_win_64/sdk_win_64/winavr/bin/../lib/gcc/avr/4.3.3/avr5\libgcc.a(_unpack_sf.o)
 .debug_line    0x00000c76      0x137 d:/nti/avr/tools/sdk_win_64/sdk_win_64/winavr/bin/../lib/gcc/avr/4.3.3/avr5\libgcc.a(_fpcmp_parts_sf.o)

.debug_frame    0x00000000      0x160
 *(.debug_frame)
 .debug_frame   0x00000000       0x20 d:/nti/avr/tools/sdk_win_64/sdk_win_64/winavr/bin/../lib/gcc/avr/4.3.3/avr5\libgcc.a(_fixunssfsi.o)
 .debug_frame   0x00000020       0x40 d:/nti/avr/tools/sdk_win_64/sdk_win_64/winavr/bin/../lib/gcc/avr/4.3.3/avr5\libgcc.a(_addsub_sf.o)
 .debug_frame   0x00000060       0x20 d:/nti/avr/tools/sdk_win_64/sdk_win_64/winavr/bin/../lib/gcc/avr/4.3.3/avr5\libgcc.a(_mul_sf.o)
 .debug_frame   0x00000080       0x20 d:/nti/avr/tools/sdk_win_64/sdk_win_64/winavr/bin/../lib/gcc/avr/4.3.3/avr5\libgcc.a(_gt_sf.o)
 .debug_frame   0x000000a0       0x20 d:/nti/avr/tools/sdk_win_64/sdk_win_64/winavr/bin/../lib/gcc/avr/4.3.3/avr5\libgcc.a(_ge_sf.o)
 .debug_frame   0x000000c0       0x20 d:/nti/avr/tools/sdk_win_64/sdk_win_64/winavr/bin/../lib/gcc/avr/4.3.3/avr5\libgcc.a(_lt_sf.o)
 .debug_frame   0x000000e0       0x20 d:/nti/avr/tools/sdk_win_64/sdk_win_64/winavr/bin/../lib/gcc/avr/4.3.3/avr5\libgcc.a(_sf_to_si.o)
 .debug_frame   0x00000100       0x20 d:/nti/avr/tools/sdk_win_64/sdk_win_64/winavr/bin/../lib/gcc/avr/4.3.3/avr5\libgcc.a(_pack_sf.o)
 .debug_frame   0x00000120       0x20 d:/nti/avr/tools/sdk_win_64/sdk_win_64/winavr/bin/../lib/gcc/avr/4.3.3/avr5\libgcc.a(_unpack_sf.o)
 .debug_frame   0x00000140       0x20 d:/nti/avr/tools/sdk_win_64/sdk_win_64/winavr/bin/../lib/gcc/avr/4.3.3/avr5\libgcc.a(_fpcmp_parts_sf.o)

.debug_str      0x00000000      0x28d
 *(.debug_str)
 .debug_str     0x00000000       0xbf d:/nti/avr/tools/sdk_win_64/sdk_win_64/winavr/bin/../lib/gcc/avr/4.3.3/avr5\libgcc.a(_fixunssfsi.o)
                                 0xfe (size before relaxing)
 .debug_str     0x000000bf      0x14d d:/nti/avr/tools/sdk_win_64/sdk_win_64/winavr/bin/../lib/gcc/avr/4.3.3/avr5\libgcc.a(_addsub_sf.o)
                                0x206 (size before relaxing)
 .debug_str     0x0000020c       0x27 d:/nti/avr/tools/sdk_win_64/sdk_win_64/winavr/bin/../lib/gcc/avr/4.3.3/avr5\libgcc.a(_mul_sf.o)
                                0x1bf (size before relaxing)
 .debug_str     0x00000233        0xf d:/nti/avr/tools/sdk_win_64/sdk_win_64/winavr/bin/../lib/gcc/avr/4.3.3/avr5\libgcc.a(_gt_sf.o)
                                0x195 (size before relaxing)
 .debug_str     0x00000242        0x8 d:/nti/avr/tools/sdk_win_64/sdk_win_64/winavr/bin/../lib/gcc/avr/4.3.3/avr5\libgcc.a(_ge_sf.o)
                                0x195 (size before relaxing)
 .debug_str     0x0000024a        0x8 d:/nti/avr/tools/sdk_win_64/sdk_win_64/winavr/bin/../lib/gcc/avr/4.3.3/avr5\libgcc.a(_lt_sf.o)
                                0x195 (size before relaxing)
 .debug_str     0x00000252        0xa d:/nti/avr/tools/sdk_win_64/sdk_win_64/winavr/bin/../lib/gcc/avr/4.3.3/avr5\libgcc.a(_sf_to_si.o)
                                0x19e (size before relaxing)
 .debug_str     0x00000000      0x103 d:/nti/avr/tools/sdk_win_64/sdk_win_64/winavr/bin/../lib/gcc/avr/4.3.3/avr5\libgcc.a(_thenan_sf.o)
 .debug_str     0x0000025c       0x16 d:/nti/avr/tools/sdk_win_64/sdk_win_64/winavr/bin/../lib/gcc/avr/4.3.3/avr5\libgcc.a(_pack_sf.o)
                                0x19d (size before relaxing)
 .debug_str     0x00000272        0xb d:/nti/avr/tools/sdk_win_64/sdk_win_64/winavr/bin/../lib/gcc/avr/4.3.3/avr5\libgcc.a(_unpack_sf.o)
                                0x17f (size before relaxing)
 .debug_str     0x0000027d       0x10 d:/nti/avr/tools/sdk_win_64/sdk_win_64/winavr/bin/../lib/gcc/avr/4.3.3/avr5\libgcc.a(_fpcmp_parts_sf.o)
                                0x163 (size before relaxing)

.debug_loc      0x00000000      0x7ce
 *(.debug_loc)
 .debug_loc     0x00000000       0x34 d:/nti/avr/tools/sdk_win_64/sdk_win_64/winavr/bin/../lib/gcc/avr/4.3.3/avr5\libgcc.a(_fixunssfsi.o)
 .debug_loc     0x00000034      0x32a d:/nti/avr/tools/sdk_win_64/sdk_win_64/winavr/bin/../lib/gcc/avr/4.3.3/avr5\libgcc.a(_addsub_sf.o)
 .debug_loc     0x0000035e      0x104 d:/nti/avr/tools/sdk_win_64/sdk_win_64/winavr/bin/../lib/gcc/avr/4.3.3/avr5\libgcc.a(_mul_sf.o)
 .debug_loc     0x00000462       0x3c d:/nti/avr/tools/sdk_win_64/sdk_win_64/winavr/bin/../lib/gcc/avr/4.3.3/avr5\libgcc.a(_gt_sf.o)
 .debug_loc     0x0000049e       0x3c d:/nti/avr/tools/sdk_win_64/sdk_win_64/winavr/bin/../lib/gcc/avr/4.3.3/avr5\libgcc.a(_ge_sf.o)
 .debug_loc     0x000004da       0x3c d:/nti/avr/tools/sdk_win_64/sdk_win_64/winavr/bin/../lib/gcc/avr/4.3.3/avr5\libgcc.a(_lt_sf.o)
 .debug_loc     0x00000516       0x7e d:/nti/avr/tools/sdk_win_64/sdk_win_64/winavr/bin/../lib/gcc/avr/4.3.3/avr5\libgcc.a(_sf_to_si.o)
 .debug_loc     0x00000594      0x13e d:/nti/avr/tools/sdk_win_64/sdk_win_64/winavr/bin/../lib/gcc/avr/4.3.3/avr5\libgcc.a(_pack_sf.o)
 .debug_loc     0x000006d2       0xac d:/nti/avr/tools/sdk_win_64/sdk_win_64/winavr/bin/../lib/gcc/avr/4.3.3/avr5\libgcc.a(_unpack_sf.o)
 .debug_loc     0x0000077e       0x50 d:/nti/avr/tools/sdk_win_64/sdk_win_64/winavr/bin/../lib/gcc/avr/4.3.3/avr5\libgcc.a(_fpcmp_parts_sf.o)

.debug_macinfo
 *(.debug_macinfo)
OUTPUT(cots.elf elf32-avr)
LOAD linker stubs

.debug_ranges   0x00000000       0x50
 .debug_ranges  0x00000000       0x50 d:/nti/avr/tools/sdk_win_64/sdk_win_64/winavr/bin/../lib/gcc/avr/4.3.3/avr5\libgcc.a(_mul_sf.o)
